{
  "status": "PASS",
  "verification_scope": "Independent numerical reproduction from 96 hash-bound archived blocks; not GPU training rerun",
  "complete_seeds": 8,
  "canonical_trajectories": 32,
  "blocks": 96,
  "effects": {
    "S": {
      "mean": 0.004234784610969156,
      "sd": 0.0459243838667332,
      "paired_dz": 0.09221211596998165,
      "t": 0.2608152500397375,
      "p": 0.8017413873796028,
      "ci95": [
        -0.034158961114573776,
        0.04262853033651209
      ],
      "positive": 4,
      "negative": 4,
      "sign_flip_p": 0.765625
    },
    "M": {
      "mean": 0.004644533197546263,
      "sd": 0.042174254542994456,
      "paired_dz": 0.11012721500059719,
      "t": 0.3114868020804446,
      "p": 0.7645025435984069,
      "ci95": [
        -0.030614025954534003,
        0.03990309234962653
      ],
      "positive": 5,
      "negative": 3,
      "sign_flip_p": 0.7578125
    },
    "C": {
      "mean": 0.013114102419484575,
      "sd": 0.060376525462122604,
      "paired_dz": 0.21720531811178412,
      "t": 0.6143494133864952,
      "p": 0.5584153923929935,
      "ci95": [
        -0.0373619360421589,
        0.06359014088112805
      ],
      "positive": 5,
      "negative": 3,
      "sign_flip_p": 0.5546875
    },
    "H": {
      "mean": -0.008912216888041502,
      "sd": 0.054936177394824676,
      "paired_dz": -0.1622285588600325,
      "t": -0.4588516562881998,
      "p": 0.6602481810754284,
      "ci95": [
        -0.05484001054447614,
        0.037015576768393135
      ],
      "positive": 2,
      "negative": 6
    }
  },
  "holm_M_C": "PASS",
  "source_hashes": "96/96 PASS",
  "operational_duplicates_excluded": 3
}
